../Application/Primus/Interface/Src/Sensor.c:684:6:ODR_FS_setting	0	static
../Application/Primus/Interface/Src/Sensor.c:741:6:offset_working	32	static
../Application/Primus/Interface/Src/Sensor.c:712:6:Full_scale	16	static
../Application/Primus/Interface/Src/Sensor.c:789:6:Train_working	32	static
../Application/Primus/Interface/Src/Sensor.c:954:6:input_and_Apeak	32	static
../Application/Primus/Interface/Src/Sensor.c:642:19:pair_code	0	static
../Application/Primus/Interface/Src/Sensor.c:125:10:Sensor_Init	32	static
../Application/Primus/Interface/Src/Sensor.c:152:6:Sensor_DeInit	8	static
../Application/Primus/Interface/Src/Sensor.c:117:6:Sensor_Errors	8	static,ignoring_inline_asm
../Application/Primus/Interface/Src/Sensor.c:235:6:Enable_Temp_STTS22H	8	static
../Application/Primus/Interface/Src/Sensor.c:255:6:Measure_Temp_STTS22H	24	static
../Application/Primus/Interface/Src/Sensor.c:286:6:wake_up_ISM330DHCX	0	static
../Application/Primus/Interface/Src/Sensor.c:292:6:Measure_Acc_ISM330DHCX	24	static
../Application/Primus/Interface/Src/Sensor.c:349:6:calibration1	24	static
../Application/Primus/Interface/Src/Sensor.c:393:6:calculate_acc	40	static
../Application/Primus/Interface/Src/Sensor.c:413:6:calculate_accver2	48	static
../Application/Primus/Interface/Src/Sensor.c:432:6:velocity_and_displacement	120	static
../Application/Primus/Interface/Src/Sensor.c:524:6:calculateMagnitudeArray	32	static
../Application/Primus/Interface/Src/Sensor.c:531:6:find_top_peaks_3axis	88	dynamic
../Application/Primus/Interface/Src/Sensor.c:997:6:peak	96	static
../Application/Primus/Interface/Src/Sensor.c:600:6:Threshold_E_sse	40	static
../Application/Primus/Interface/Src/Sensor.c:974:6:threshold_noise	24	static
../Application/Primus/Interface/Src/Sensor.c:627:6:Reset	16	static
../Application/Primus/Interface/Src/Sensor.c:647:6:frequency	96	static
../Application/Primus/Interface/Src/Sensor.c:1082:6:velocity	64	static
../Application/Primus/Interface/Src/Sensor.c:1094:6:displacement_c	64	static
../Application/Primus/Interface/Src/Sensor.c:1108:6:Acc_Calculation	120	static
../Application/Primus/Interface/Src/Sensor.c:865:6:wake_up_now_working	32	static
../Application/Primus/Interface/Src/Sensor.c:904:6:wake_up_working	72	static
../Application/Primus/Interface/Src/Sensor.c:1196:6:Sensor_Run	0	static
../Application/Primus/Interface/Src/Sensor.c:1202:6:Sensor_Log	8	static
../Application/Primus/Interface/Src/Sensor.c:1239:6:ACCELERO_GYRO_INT_RUN	32	static
